---
source: src/passes/resolve_names.rs
expression: "test_resolve(\"enum Result[T, E] { Ok(T), Err(E), }\")"
---
(
    Module {
        items: [
            Enum(
                Enum {
                    ident: Resolved(
                        SymbolId(
                            2,
                        ),
                    ),
                    ty_params: [
                        Resolved(
                            SymbolId(
                                3,
                            ),
                        ),
                        Resolved(
                            SymbolId(
                                4,
                            ),
                        ),
                    ],
                    variants: [
                        EnumVariant {
                            name: u!("Ok"),
                            kind: Tuple(
                                [
                                    Constructed {
                                        ident: Resolved(
                                            SymbolId(
                                                3,
                                            ),
                                        ),
                                        params: [],
                                    },
                                ],
                            ),
                        },
                        EnumVariant {
                            name: u!("Err"),
                            kind: Tuple(
                                [
                                    Constructed {
                                        ident: Resolved(
                                            SymbolId(
                                                4,
                                            ),
                                        ),
                                        params: [],
                                    },
                                ],
                            ),
                        },
                    ],
                },
            ),
        ],
    },
    SymbolTable {
        symbol_lookup: [
            Symbol {
                ident: u!("int"),
                kind: TyStruct,
            },
            Symbol {
                ident: u!("uint"),
                kind: TyStruct,
            },
            Symbol {
                ident: u!("Result"),
                kind: TyEnum,
            },
            Symbol {
                ident: u!("T"),
                kind: TyParam,
            },
            Symbol {
                ident: u!("E"),
                kind: TyParam,
            },
        ],
    },
    [],
)
