---
source: src/passes/resolve_names.rs
expression: "test_resolve(\"data Person { name: string, age: uint }\")"
---
(SymbolTable(
  symbols: [
    Symbol(
      ident: "int",
      kind: TyStruct(Builtin),
    ),
    Symbol(
      ident: "uint",
      kind: TyStruct(Builtin),
    ),
    Symbol(
      ident: "Person",
      kind: TyStruct(Ast(Struct(
        ident: Resolved(SymbolId(2)),
        ty_params: [],
        fields: [
          StructField(
            name: "name",
            ty: Constructed(
              ident: Unresolved("string"),
              params: [],
            ),
          ),
          StructField(
            name: "age",
            ty: Constructed(
              ident: Resolved(SymbolId(1)),
              params: [],
            ),
          ),
        ],
      ))),
    ),
  ],
  globals: {
    "Person": (Global, SymbolId(2)),
    "int": (Builtin, SymbolId(0)),
    "uint": (Builtin, SymbolId(1)),
  },
), "error: symbol `string` not found\n\n")
