---
source: src/passes/resolve_names.rs
expression: "test_resolve(\"func foo(a: uint) { let b = a; let c = b; }\")"
---
(
    Module {
        items: [
            Dummy,
        ],
    },
    SymbolTable {
        symbol_lookup: [
            Symbol {
                ident: u!("int"),
                kind: TyStruct(
                    Builtin,
                ),
            },
            Symbol {
                ident: u!("uint"),
                kind: TyStruct(
                    Builtin,
                ),
            },
            Symbol {
                ident: u!("foo"),
                kind: Function(
                    Ast(
                        Func {
                            ident: Resolved(
                                SymbolId(
                                    2,
                                ),
                            ),
                            ty_params: [],
                            params: [
                                (
                                    Resolved(
                                        SymbolId(
                                            3,
                                        ),
                                    ),
                                    Constructed {
                                        ident: Resolved(
                                            SymbolId(
                                                1,
                                            ),
                                        ),
                                        params: [],
                                    },
                                ),
                            ],
                            ret_ty: Tuple(
                                [],
                            ),
                            body: Block {
                                stmts: [
                                    Declaration {
                                        lhs: Resolved(
                                            SymbolId(
                                                4,
                                            ),
                                        ),
                                        rhs: Var(
                                            Simple(
                                                Resolved(
                                                    SymbolId(
                                                        3,
                                                    ),
                                                ),
                                            ),
                                        ),
                                    },
                                    Declaration {
                                        lhs: Resolved(
                                            SymbolId(
                                                5,
                                            ),
                                        ),
                                        rhs: Var(
                                            Simple(
                                                Resolved(
                                                    SymbolId(
                                                        4,
                                                    ),
                                                ),
                                            ),
                                        ),
                                    },
                                ],
                                final_expr: Unit,
                            },
                        },
                    ),
                ),
            },
            Symbol {
                ident: u!("a"),
                kind: Var,
            },
            Symbol {
                ident: u!("b"),
                kind: Var,
            },
            Symbol {
                ident: u!("c"),
                kind: Var,
            },
        ],
    },
    [],
)
