---
source: src/passes/resolve_names.rs
expression: "test_resolve(\"func foo() { let a = 12; let a = 12; }\")"
---
(
    SymbolTable {
        symbol_lookup: [
            Function {
                ident: u!("foo"),
            },
            Var {
                ident: u!("a"),
            },
            Var {
                ident: u!("a"),
            },
        ],
    },
    [],
)
