---
source: src/passes/resolve_names.rs
expression: "test_resolve(\"func foo(a: uint) { a } func a() {}\")"
---
(
    SymbolTable {
        symbol_lookup: [
            TyStruct {
                ident: u!("int"),
            },
            TyStruct {
                ident: u!("uint"),
            },
            Function {
                ident: u!("foo"),
            },
            Var {
                ident: u!("a"),
            },
            Function {
                ident: u!("a"),
            },
        ],
    },
    [],
)
