---
source: src/passes/resolve_names.rs
expression: "test_resolve(\"func uint() { uint() }\")"
---
(
    SymbolTable {
        symbol_lookup: [
            Symbol {
                ident: u!("int"),
                kind: TyStruct,
            },
            Symbol {
                ident: u!("uint"),
                kind: TyStruct,
            },
            Symbol {
                ident: u!("uint"),
                kind: Function,
            },
        ],
    },
    [],
)
