---
source: src/passes/resolve_names.rs
expression: "test_resolve(\"func uint() { uint() }\")"
---
(SymbolTable(
  symbols: [
    Symbol(
      ident: "int",
      kind: TyStruct(Builtin),
    ),
    Symbol(
      ident: "uint",
      kind: TyStruct(Builtin),
    ),
    Symbol(
      ident: "uint",
      kind: Function(Ast(Func(
        ident: Resolved(SymbolId(2)),
        ty_params: [],
        params: [],
        ret_ty: Tuple([]),
        body: Block(
          stmts: [],
          final_expr: Call(
            callee: Var(Simple(Resolved(SymbolId(2)))),
            args: [],
          ),
        ),
      ))),
    ),
  ],
  globals: {
    "int": (Builtin, SymbolId(0)),
    "uint": (Global, SymbolId(2)),
  },
), "")
