---
source: src/passes/resolve_names.rs
expression: "test_resolve(\"func foo() { foo() } func foo() { foo() }\")"
---
(
    Module {
        items: [
            Dummy,
            Dummy,
        ],
    },
    SymbolTable {
        symbol_lookup: [
            Symbol {
                ident: u!("int"),
                kind: TyStruct(
                    Builtin,
                ),
            },
            Symbol {
                ident: u!("uint"),
                kind: TyStruct(
                    Builtin,
                ),
            },
            Symbol {
                ident: u!("foo"),
                kind: Function(
                    Ast(
                        Func {
                            ident: Resolved(
                                SymbolId(
                                    2,
                                ),
                            ),
                            ty_params: [],
                            params: [],
                            ret_ty: Tuple(
                                [],
                            ),
                            body: Block {
                                stmts: [],
                                final_expr: Call {
                                    callee: Var(
                                        Simple(
                                            Resolved(
                                                SymbolId(
                                                    2,
                                                ),
                                            ),
                                        ),
                                    ),
                                    args: [],
                                },
                            },
                        },
                    ),
                ),
            },
            Symbol {
                ident: u!("foo"),
                kind: Function(
                    Ast(
                        Func {
                            ident: Resolved(
                                SymbolId(
                                    3,
                                ),
                            ),
                            ty_params: [],
                            params: [],
                            ret_ty: Tuple(
                                [],
                            ),
                            body: Block {
                                stmts: [],
                                final_expr: Call {
                                    callee: Var(
                                        Simple(
                                            Resolved(
                                                SymbolId(
                                                    2,
                                                ),
                                            ),
                                        ),
                                    ),
                                    args: [],
                                },
                            },
                        },
                    ),
                ),
            },
        ],
    },
    [
        GlobalShadowed(
            u!("foo"),
        ),
    ],
)
