---
source: src/passes/resolve_names.rs
expression: "test_resolve(\"func a() { a(); b(); } func b() {}\")"
---
(SymbolTable(
  symbol_lookup: [
    Symbol(
      ident: "int",
      kind: TyStruct(Builtin),
    ),
    Symbol(
      ident: "uint",
      kind: TyStruct(Builtin),
    ),
    Symbol(
      ident: "a",
      kind: Function(Ast(Func(
        ident: Resolved(SymbolId(2)),
        ty_params: [],
        params: [],
        ret_ty: Tuple([]),
        body: Block(
          stmts: [
            Expr(Call(
              callee: Var(Simple(Resolved(SymbolId(2)))),
              args: [],
            )),
            Expr(Call(
              callee: Var(Simple(Resolved(SymbolId(3)))),
              args: [],
            )),
          ],
          final_expr: Unit,
        ),
      ))),
    ),
    Symbol(
      ident: "b",
      kind: Function(Ast(Func(
        ident: Resolved(SymbolId(3)),
        ty_params: [],
        params: [],
        ret_ty: Tuple([]),
        body: Block(
          stmts: [],
          final_expr: Unit,
        ),
      ))),
    ),
  ],
), "")
