---
source: src/passes/resolve_names.rs
expression: "test_resolve(\"func foo() { foo() } func foo() {}\")"
---
(
    SymbolTable {
        symbol_lookup: [
            TyStruct {
                ident: u!("int"),
            },
            TyStruct {
                ident: u!("uint"),
            },
            Function {
                ident: u!("foo"),
            },
        ],
    },
    [
        SymbolInUse(
            u!("foo"),
        ),
    ],
)
