---
source: src/passes/resolve_names.rs
expression: "test_resolve(\"func foo() {}\")"
---
(SymbolTable(
  symbols: [
    Symbol(
      ident: "int",
      kind: TyStruct(Builtin),
    ),
    Symbol(
      ident: "uint",
      kind: TyStruct(Builtin),
    ),
    Symbol(
      ident: "foo",
      kind: Function(Ast(Func(
        ident: Resolved(SymbolId(2)),
        ty_params: [],
        params: [],
        ret_ty: Tuple([]),
        body: Block(
          stmts: [],
          final_expr: Unit,
        ),
      ))),
    ),
  ],
  globals: {
    "foo": (Global, SymbolId(2)),
    "int": (Builtin, SymbolId(0)),
    "uint": (Builtin, SymbolId(1)),
  },
), "")
