---
source: src/passes/resolve_names.rs
expression: "test_resolve(\"func foo(a: uint) { a } func a() {}\")"
---
(
    SymbolTable {
        symbol_lookup: [
            Symbol {
                ident: u!("int"),
                kind: TyStruct,
            },
            Symbol {
                ident: u!("uint"),
                kind: TyStruct,
            },
            Symbol {
                ident: u!("foo"),
                kind: Function,
            },
            Symbol {
                ident: u!("a"),
                kind: Var,
            },
            Symbol {
                ident: u!("a"),
                kind: Function,
            },
        ],
    },
    [],
)
