---
source: src/parser/item.rs
expression: "test_parse(\"func foo(a: uint) -> {} {} func my_func() {}\",\n    |p| p.parse_module())"
---
(Module(
  items: [
    Dummy,
    Func(Func(
      ident: Unresolved("my_func"),
      ty_params: [],
      params: [],
      ret_ty: Tuple([]),
      body: Block(
        stmts: [],
        final_expr: Unit,
      ),
    )),
  ],
), "error: expected a type\n  ┌─ test_source:1:22\n  │\n1 │ func foo(a: uint) -> {} {} func my_func() {}\n  │                      ^^\n\n")
