---
source: src/parser/item.rs
expression: "test_parse(\"{10; 11 12 13;}\", |p| p.parse_block())"
---
(Ok(Block(
  stmts: [
    Expr(Const(ConstIdx(0))),
    Expr(Const(ConstIdx(1))),
    Expr(Const(ConstIdx(2))),
    Expr(Const(ConstIdx(3))),
  ],
  final_expr: Unit,
)), "error: expected semicolon\n  ┌─ ::test_module:1:9\n  │\n1 │ {10; 11 12 13;}\n  │         ^^\n\nerror: expected semicolon\n  ┌─ ::test_module:1:12\n  │\n1 │ {10; 11 12 13;}\n  │            ^^\n\n")
