---
source: src/parser/item.rs
expression: "test_parse(\"func foo(a: uint) -> {} {} func my_func() {}\",\n    |p| p.parse_module())"
---
(Module(
  items: [
    Dummy,
    Func(Func(
      ident: Unresolved("my_func"),
      ty_params: [],
      params: [],
      ret_ty: Unit,
      body: Block(
        stmts: [],
        final_expr: Unit,
      ),
    )),
  ],
), [], [
  Unexpected(
    expected: "a type",
    found: Some(Span(
      start: 21,
      end: 23,
    )),
  ),
])
