---
source: src/token_tree/mod.rs
expression: "test_lex(\"]{}[\")"
---
([
  Group(
    bracket_kind: Curly,
    tokens: [],
    span: Span(
      start: 1,
      end: 3,
    ),
  ),
  Group(
    bracket_kind: Square,
    tokens: [],
    span: Span(
      start: 3,
      end: 4,
    ),
  ),
], "error: mismatched Closing(Square)\n  ┌─ test_source:1:1\n  │\n1 │ ]{}[\n  │ ^\n\nerror: mismatched Opening(Square)\n  ┌─ test_source:1:4\n  │\n1 │ ]{}[\n  │    ^\n\n")
