---
source: src/token_stream/mod.rs
expression: "get_stream(\")))\")"
---
(TokenStream([]), [
  Token(
    span: Span(
      start: 0,
      end: 1,
    ),
    kind: Bracket(Closing(Round)),
  ),
  Token(
    span: Span(
      start: 1,
      end: 2,
    ),
    kind: Bracket(Closing(Round)),
  ),
  Token(
    span: Span(
      start: 2,
      end: 3,
    ),
    kind: Bracket(Closing(Round)),
  ),
])
