---
source: src/token_stream/mod.rs
expression: "test_lex(\"( { ) } ( hello )\")"
---
(TokenList([
  Group(
    bracket_kind: Round,
    tokens: TokenList([
      Group(
        bracket_kind: Curly,
        tokens: TokenList([]),
        span: Span(
          start: 2,
          end: 3,
        ),
      ),
    ]),
    span: Span(
      start: 0,
      end: 5,
    ),
  ),
  Group(
    bracket_kind: Round,
    tokens: TokenList([
      Token(Token(
        span: Span(
          start: 10,
          end: 15,
        ),
        kind: Ident("hello"),
      )),
    ]),
    span: Span(
      start: 8,
      end: 17,
    ),
  ),
]), "error: mismatched Opening(Curly)\n  ┌─ ::test_module:1:3\n  │\n1 │ ( { ) } ( hello )\n  │   ^\n\nerror: mismatched Closing(Curly)\n  ┌─ ::test_module:1:7\n  │\n1 │ ( { ) } ( hello )\n  │       ^\n\n")
