---
source: src/syntax/parser/item.rs
expression: "parser(\"foo(a: uint, b: uint,) {}\").parse_func()"
---
Ok(Func(
  ident: Unresolved("foo"),
  params: [
    (Unresolved("a"), Constructed(
      ident: Unresolved("uint"),
      params: [],
    )),
    (Unresolved("b"), Constructed(
      ident: Unresolved("uint"),
      params: [],
    )),
  ],
  ret_ty: Unit,
  body: Unit,
))
