---
source: src/syntax/parser/item.rs
expression: "test_parse(\"{ a = b }\", |p| p.parse_block())"
---
(Ok(Block(
  stmts: [
    Assignment(
      ident: Unresolved("a"),
      rhs: Var(Unresolved("b")),
    ),
  ],
  final_expr: Dummy,
)), [], [
  InvalidImplicitReturn(Span(
    start: 2,
    end: 7,
  )),
])
