---
source: src/syntax/parser/item.rs
expression: "parse(\"foo(a: uint, b: uint,) {}\", |p| p.parse_func(), false)"
---
Ok(Func(
  ident: Unresolved("foo"),
  params: [
    (Unresolved("a"), Constructed(
      ident: Unresolved("uint"),
      params: [],
    )),
    (Unresolved("b"), Constructed(
      ident: Unresolved("uint"),
      params: [],
    )),
  ],
  ret_ty: Unit,
  body: Block(
    stmts: [],
    eval_as_final: false,
  ),
))
