---
source: src/syntax/parser/item.rs
expression: "parse(\"func foo(a: uint) -> {} {} func my_func() {}\", |p| p.parse_module())"
---
(Ok(Module(
  items: [
    Dummy,
    Func(Func(
      ident: Unresolved("my_func"),
      params: [],
      ret_ty: Unit,
      body: Block(
        stmts: [],
        eval_as_final: false,
      ),
    )),
  ],
)), [], [
  Unexpected(
    expected: "a type",
    found: Some(Group(
      bracket_kind: Curly,
      tokens: TokenStream([]),
    )),
  ),
])
