---
source: src/syntax/token_tree.rs
expression: "get_tree(\"]{}[\")"
---
([
  Tree(
    kind: Curly,
    nodes: [],
  ),
  Tree(
    kind: Square,
    nodes: [],
  ),
], [
  Token(
    span: Span(
      start: 0,
      end: 1,
    ),
    kind: Bracket(Closing(Square)),
  ),
  Token(
    span: Span(
      start: 3,
      end: 4,
    ),
    kind: Bracket(Opening(Square)),
  ),
])
